// Jest Snapshot v1, https://goo.gl/fbAQLP

exports[`matches snapshot 1`] = `
<DocumentFragment>
  <form>
    <label
      for="width"
    >
      Width:
    </label>
    <input
      id="width"
      name="width"
      placeholder="Enter width"
      required=""
      type="number"
      value=""
    />
    <label
      for="height"
    >
      Height:
    </label>
    <input
      id="height"
      name="height"
      placeholder="Enter height"
      required=""
      type="number"
      value=""
    />
    <button
      type="submit"
    >
      Submit
    </button>
  </form>
</DocumentFragment>
`;
