// Jest Snapshot v1, https://goo.gl/fbAQLP

exports[`matches snapshot 1`] = `
<DocumentFragment>
  <form>
    <label
      for="todo"
    >
      Todo:
    </label>
    <input
      id="todo"
      name="todo"
      placeholder="Enter todo"
      required=""
      type="text"
      value=""
    />
    <button
      data-testid="submit-todo-btn"
      type="submit"
    >
      Submit
    </button>
  </form>
  <ul />
</DocumentFragment>
`;
