// Jest Snapshot v1, https://goo.gl/fbAQLP

exports[`matches snapshot 1`] = `
<DocumentFragment>
  <li
    class="todo"
    data-testid="todo"
  >
    WRITE TESTING
  </li>
</DocumentFragment>
`;
